// Jest Snapshot v1, https://goo.gl/fbAQLP

exports[`StartPage.vue Should render 1`] = `
<div
  class="root"
>
  <div
    class="root"
    data-aqa-start-header=""
  >
    <div
      class="background"
    >
      <div
        class="logo-icon-container"
      >
        <div>
          <span
            class="first-logo-part"
          >
            Netflix
          </span>
           
          <span
            class="second-logo-part"
          >
            Roulette
          </span>
        </div>
      </div>
       
      <div
        class="root"
        data-aqa-search-panel=""
      >
        <span
          class="main-label"
        >
          Find your movie
        </span>
         
        <div
          class="search-container"
        >
          <div
            class="input-container"
          >
            <div
              class="root"
            >
              <!---->
               
              <input
                class="input"
                placeholder="Search"
                style="font-size: 24px;"
              />
               
              <!---->
            </div>
          </div>
           
          <div
            class="search-button-container"
          >
            <button
              class="primary-button normal"
              style="font-size: 24px;"
            >
              Search
            </button>
          </div>
        </div>
         
        <div
          class="options-container"
        >
          <div
            class="root"
          >
            <span
              class="label"
            >
              Search By
            </span>
             
            <div
              class="options-container"
            >
              <button
                class="selected-option option"
                id="title"
              >
                
                Title
            
              </button>
              <button
                class="non-selected-option option"
                id="genres"
              >
                
                Genre
            
              </button>
            </div>
          </div>
        </div>
      </div>
    </div>
  </div>
   
  <div
    data-aqa-start-body=""
  >
    <div
      class="sort-panel-container"
    >
      <div
        class="root"
      >
        <span
          class="title"
          id="available-items-count"
        >
          0 movies found
        </span>
         
        <div
          class="root"
        >
          <span
            class="label"
          >
            Sort By
          </span>
           
          <div
            class="options-container"
          >
            <button
              class="selected-option option"
              id="release_date"
            >
              
                Release Date
            
            </button>
            <button
              class="non-selected-option option"
              id="rating"
            >
              
                Rating
            
            </button>
          </div>
        </div>
      </div>
    </div>
     
    <div
      class="no-films-found-container"
      id="no-films-message-container"
    >
      <span
        class="font bold"
        style="font-size: 30px;"
      >
        No films found
      </span>
    </div>
  </div>
   
  <div
    class="root"
    data-aqa-start-footer=""
  >
    <div>
      <span
        class="first-logo-part"
      >
        Netflix
      </span>
       
      <span
        class="second-logo-part"
      >
        Roulette
      </span>
    </div>
  </div>
</div>
`;
